// Jest Snapshot v1, https://goo.gl/fbAQLP

exports[`Home Component match Home Page SnapShot 1`] = `
<div>
  <main>
    <input
      aria-label="todo-input"
      className="sc-bcXHqe iYXrlU"
      onChange={[Function]}
      placeholder="Search todo..."
      value=""
    />
    <h1>
      loading..
    </h1>
  </main>
</div>
`;
